// Jest Snapshot v1, https://goo.gl/fbAQLP

exports[`Modal component should take a snapshot 1`] = `
<DocumentFragment>
  <div
    class="sc-jSFjdj icVPtE"
  >
    <div
      class="sc-gKAaRy gRKpOc"
    >
      <span
        class="sc-iCoGMd jUdngs"
      />
      <div
        class="sc-pNWdM hEtHxe"
      >
        This is title
      </div>
      <div>
        Testing
      </div>
      <div
        class="sc-fujyAs bAckHs"
      >
        <button
          class="sc-hKFxyN cMgOKN"
          color="red"
          data-testid="cancel"
        >
          Cancel
        </button>
        <button
          class="sc-hKFxyN iZlfpJ"
          color="green"
          data-testid="confirm"
        >
          Confirm
        </button>
      </div>
    </div>
  </div>
</DocumentFragment>
`;
